[redefurious.minecart.com.br/index.html]
[backblue.gif]
[fade.gif]
[index.html]
[i.imgur.com/GI3gsHe.png]
[cdn.minecart.com.br/assets/js/jquery.mine45f.js]
[cdn.minecart.com.br/assets/img/minecraft-favicon-default.png]
[cdn.minecart.com.br/assets/templates/transcend/js/webAppe45f.js]
[i.imgur.com/YEpLSAk.png]
[cdn.minecart.com.br/assets/img/store/icon-home.png]
[redefurious.minecart.com.br/shop/1160-geral.html]
[redefurious.minecart.com.br/cdn-cgi/scripts/7d0fa10a/cloudflare-static/rocket-loader.min.js]
[cdn.minecart.com.br/assets/img/store/icon-store.png]
[redefurious.minecart.com.br/index.html]
[cdn.minecart.com.br/assets/templates/transcend/css/stylee45f.css]
[redefurious.minecart.com.br/rules.html]
[redefurious.minecart.com.br/team.html]
[cdn.minecart.com.br/assets/img/store/icon-team.png]
[cdn.minecart.com.br/assets/img/store/icon-book.png]
[redefurious.minecart.com.br/cart.html]
[redefurious.minecart.com.br/shop/1160-geral.html]
[redefurious.minecart.com.br/rules.html]
[redefurious.minecart.com.br/team.html]
[redefurious.minecart.com.br/cart.html]
[static.cloudflareinsights.com/beacon.min.js]
[i.imgur.com/YFdMINk.png]
[i.imgur.com/DwQMAKk.png]
[i.imgur.com/LjPEs1I.png]
[cdn.minecart.com.br/assets/img/cash-background.png]
[i.imgur.com/0XxZ9vE.png]
